PS C:\Users\Kavita Dumbre\Documents\Git Demo> git init
Reinitialized existing Git repository in C:/Users/Kavita Dumbre/Documents/Git Demo/.git/
PS C:\Users\Kavita Dumbre\Documents\Git Demo> git status
On branch master
No commits yet

Untracked files:
  (use "git add <file>..." to include in what will be committed)
        gitdemo.html

nothing added to commit but untracked files present (use "git add" to track)
PS C:\Users\Kavita Dumbre\Documents\Git Demo> git status
On branch master

Untracked files:
  (use "git add <file>..." to include in what will be committed)
        gitdemo.html

nothing added to commit but untracked files present (use "git add" to track)
PS C:\Users\Kavita Dumbre\Documents\Git Demo> git status
On branch master

No commits yet

Untracked files:
  (use "git add <file>..." to include in what will be committed)
        gitdemo2.txt

nothing added to commit but untracked files present (use "git add" to track)
PS C:\Users\Kavita Dumbre\Documents\Git Demo> git add gitdemo.html
PS C:\Users\Kavita Dumbre\Documents\Git Demo> git status
On branch master

No commits yet

Changes to be committed:
  (use "git rm --cached <file>..." to unstage)
        new file:   gitdemo.html

        gitdemo2.txt

PS C:\Users\Kavita Dumbre\Documents\Git Demo> git status 
On branch master

No commits yet

Changes to be committed:
  (use "git rm --cached <file>..." to unstage)
        new file:   gitdemo.html
  (use "git add <file>..." to include in what will be committed)
        gitdemo2.txt
        gitdemo3.ini

PS C:\Users\Kavita Dumbre\Documents\Git Demo> git add *
On branch master
No commits yet

Changes to be committed:
  (use "git rm --cached <file>..." to unstage)
        new file:   gitdemo.html
        new file:   gitdemo3.ini

PS C:\Users\Kavita Dumbre\Documents\Git Demo> git branch
PS C:\Users\Kavita Dumbre\Documents\Git Demo> git commit -m "v1 file"
[master (root-commit) cdaa4de] v1 file
 3 files changed, 13 insertions(+)
 create mode 100644 gitdemo.html
 create mode 100644 gitdemo3.ini
PS C:\Users\Kavita Dumbre\Documents\Git Demo> git branch
* master
PS C:\Users\Kavita Dumbre\Documents\Git Demo> git log
commit cdaa4dea13ca7e3942668677b65787787d6492b5 (HEAD -> master)
Author: kc <kc@gml.com>
Date:   Wed Dec 11 12:38:11 2024 +0530

    v1 file
PS C:\Users\Kavita Dumbre\Documents\Git Demo> git status
On branch master
Changes not staged for commit:
  (use "git add <file>..." to update what will be committed)
  (use "git restore <file>..." to discard changes in working directory)
        modified:   gitdemo.html

no changes added to commit (use "git add" and/or "git commit -a")
PS C:\Users\Kavita Dumbre\Documents\Git Demo> git diff  
diff --git a/gitdemo.html b/gitdemo.html
index 8536759..69d1c1a 100644
--- a/gitdemo.html
+++ b/gitdemo.html
@@ -7,5 +7,8 @@
 </head>
 <body>
     <h1>git</h1>
+    <hr>
+    <h2>v2</h2>
+    <p>100 words Lorem ipsum dolor sit amet consectetur adipisicing elit. Quo, velit molestias dolores magnam corporis asperiores ex, quos corrupti consequatur sequi nam exercitationem suscipit vitae hic excepturi! Asperiores incidunt voluptatum laboriosam nam exercitationem similique, dolorum aliquid? Quisquam ullam est dolor repellat dolorem expedita cum labore eius temporibus, suscipit, ex laudantium natus quae amet voluptate odio sint et, vitae ratione beatae odit. Esse, unde maiores! Dolores possimus at officia esse nulla corrupti, quas dolorem iste perspiciatis repudiandae sint in cum maiores magni? Eos, laudantium consequuntur nisi doloremque consequatur illo dignissimos impedit provident? Harum iusto voluptatem 
enim dicta id minus, fugit in expedita?</p>    
 </body>
 </html>


 PS C:\Users\Kavita Dumbre\Documents\Git Demo> git show cdaa4dea13ca7e3942668677b65787787d6492b5:gitdemo3.ini
this is  git demo3
PS C:\Users\Kavita Dumbre\Documents\Git Demo> git checkout cdaa4dea13ca7e3942668677b65787787d6492b5 --gitdemo3.ini
error: unknown option `gitdemo3.ini'
usage: git checkout [<options>] <branch>
   or: git checkout [<options>] [<branch>] -- <file>...

    -b <branch>           create and checkout a new branch
    -B <branch>           create/reset and checkout a branch
    -l                    create reflog for new branch
    --[no-]guess          second guess 'git checkout <no-such-branch>' (default)
    --[no-]overlay        use overlay mode (default)
    -q, --[no-]quiet      suppress progress reporting
    --[no-]recurse-submodules[=<checkout>]
                          control recursive updating of submodules
    --[no-]progress       force progress reporting
    -m, --[no-]merge      perform a 3-way merge with the new branch
    --[no-]conflict <style>
                          conflict style (merge, diff3, or zdiff3)
    -d, --[no-]detach     detach HEAD at named commit
    -t, --[no-]track[=(direct|inherit)]
    -f, --[no-]force      force checkout (throw away local modifications)
    --[no-]orphan <new-branch>
                          new unborn branch
    --[no-]overwrite-ignore
                          update ignored files (default)
    --[no-]ignore-other-worktrees
                          do not check if another worktree is using this branch
    -2, --ours            checkout our version for unmerged files
    -3, --theirs          checkout their version for unmerged files
    -p, --[no-]patch      select hunks interactively
    --[no-]ignore-skip-worktree-bits
                          do not limit pathspecs to sparse entries only
    --[no-]pathspec-from-file <file>
                          read pathspec from file
    --[no-]pathspec-file-nul
                          with --pathspec-from-file, pathspec elements are separated with NUL character

PS C:\Users\Kavita Dumbre\Documents\Git Demo> git checkout cdaa4dea13ca7e3942668677b65787787d6492b5 --gitdemo.html
error: unknown option `gitdemo.html'
usage: git checkout [<options>] <branch>
   or: git checkout [<options>] [<branch>] -- <file>...

    -b <branch>           create and checkout a new branch
    -B <branch>           create/reset and checkout a branch
    -l                    create reflog for new branch
    --[no-]guess          second guess 'git checkout <no-such-branch>' (default)
    --[no-]overlay        use overlay mode (default)
    -q, --[no-]quiet      suppress progress reporting
    --[no-]recurse-submodules[=<checkout>]
                          control recursive updating of submodules
    --[no-]progress       force progress reporting
    -m, --[no-]merge      perform a 3-way merge with the new branch
    --[no-]conflict <style>
                          conflict style (merge, diff3, or zdiff3)
    -d, --[no-]detach     detach HEAD at named commit
    -t, --[no-]track[=(direct|inherit)]
                          update ignored files (default)
    --[no-]ignore-other-worktrees
                          do not check if another worktree is using this branch
    -2, --ours            checkout our version for unmerged files
    -3, --theirs          checkout their version for unmerged files
    -p, --[no-]patch      select hunks interactively
    --[no-]ignore-skip-worktree-bits
                          do not limit pathspecs to sparse entries only
    --[no-]pathspec-from-file <file>
                          read pathspec from file
    --[no-]pathspec-file-nul
                          with --pathspec-from-file, pathspec elements are separated with NUL character

PS C:\Users\Kavita Dumbre\Documents\Git Demo> git checkout cdaa4dea13ca7e3942668677b65787787d6492b5 -- gitdemo.html 
PS C:\Users\Kavita Dumbre\Documents\Git Demo> git checkout cdaa4dea13ca7e3942668677b65787787d6492b5 -- gitdemo.html
PS C:\Users\Kavita Dumbre\Documents\Git Demo> git checkout cdaa4dea13ca7e3942668677b65787787d6492b5 -- gitdemo.html
PS C:\Users\Kavita Dumbre\Documents\Git Demo> git checkout master -- *
PS C:\Users\Kavita Dumbre\Documents\Git Demo> git status
On branch master
nothing to commit, working tree clean
PS C:\Users\Kavita Dumbre\Documents\Git Demo>





commit 97492b8172425e069468c29bbde5441e553523bf (HEAD -> master)
Author: kc <kc@gml.com>
Date:   Wed Dec 11 13:10:01 2024 +0530

    v3 files
Author: kc <kc@gml.com>
    v2 files

commit cdaa4dea13ca7e3942668677b65787787d6492b5

    v1 file
PS C:\Users\Kavita Dumbre\Documents\Git Demo> git status
On branch master
Changes to be committed:

PS C:\Users\Kavita Dumbre\Documents\Git Demo> echo "#myrepo" >> README.md
PS C:\Users\Kavita Dumbre\Documents\Git Demo> git init
PS C:\Users\Kavita Dumbre\Documents\Git Demo> git add README.md  
[master 3c47ce3] v4 First Commit in Remote Repo
 2 files changed, 81 insertions(+), 1 deletion(-)
PS C:\Users\Kavita Dumbre\Documents\Git Demo> git branch -M main
fatal: 'origin' does not appear to be a git repository
fatal: Could not read from remote repository.
and the repository exists.
PS C:\Users\Kavita Dumbre\Documents\Git Demo> git push -u origin main
PS C:\Users\Kavita Dumbre\Documents\Git Demo> git remote add origin https://github.com/CassyGit/repo_from_cmd_line.git
error: remote origin already exists.
remote: Repository not found.
PS C:\Users\Kavita Dumbre\Documents\Git Demo> git remote add origin https://github.com/CassyGit/repo1.git
error: remote origin already exists.
PS C:\Users\Kavita Dumbre\Documents\Git Demo> 
PS C:\Users\Kavita Dumbre\Documents\Git Demo>
PS C:\Users\Kavita Dumbre\Documents\Git Demo> git remote add origin https://github.com/CassyGit/repo1.git
error: remote origin already exists.
PS C:\Users\Kavita Dumbre\Documents\Git Demo> git push -u origin main
PS C:\Users\Kavita Dumbre\Documents\Git Demo> git remote add origin https://github.com/CassyGit/repo1.git
error: remote origin already exists.
PS C:\Users\Kavita Dumbre\Documents\Git Demo> git branch -M main
PS C:\Users\Kavita Dumbre\Documents\Git Demo> git push -u origin main
fatal: unable to access 'https://github.com/CassyGit/repo_from_cmd_line.git/': Failed to connect to github.com port 443 after 21103 ms: Could not 
connect to server
PS C:\Users\Kavita Dumbre\Documents\Git Demo> git remote add origin https://github.com/CassyGit/repo1.git
error: remote origin already exists.
PS C:\Users\Kavita Dumbre\Documents\Git Demo> git init
Reinitialized existing Git repository in C:/Users/Kavita Dumbre/Documents/Git Demo/.git/
PS C:\Users\Kavita Dumbre\Documents\Git Demo> git add README.md
PS C:\Users\Kavita Dumbre\Documents\Git Demo> git commit -m "v4 First Commit in Remote Repo "
On branch main
nothing to commit, working tree clean
PS C:\Users\Kavita Dumbre\Documents\Git Demo> git remote add origin https://github.com/CassyGit/repo1.git
error: remote origin already exists.
PS C:\Users\Kavita Dumbre\Documents\Git Demo> git branch -M main
PS C:\Users\Kavita Dumbre\Documents\Git Demo> git push -u origin main
fatal: unable to access 'https://github.com/CassyGit/repo_from_cmd_line.git/': Failed to connect to github.com port 443 after 21071 ms: Could not 
connect to server
PS C:\Users\Kavita Dumbre\Documents\Git Demo> 






PS C:\Users\Kavita Dumbre\Documents\Git Demo> git remote add origin https://github.com/CassyGit/repo1.git
error: remote origin already exists.
PS C:\Users\Kavita Dumbre\Documents\Git Demo> git remote update origin https://github.com/CassyGit/repo1.git
fatal: no such remote or remote group: https://github.com/CassyGit/repo1.git
PS C:\Users\Kavita Dumbre\Documents\Git Demo> 
PS C:\Users\Kavita Dumbre\Documents\Git Demo> git branch -M main                                            
PS C:\Users\Kavita Dumbre\Documents\Git Demo> git push -u origin main                                       
fatal: unable to access 'https://github.com/CassyGit/repo_from_cmd_line.git/': Failed to connect to github.com port 443 after 21105 ms: Could not 
connect to server
PS C:\Users\Kavita Dumbre\Documents\Git Demo> git push -u origin main
info: please complete authentication in your browser...
remote: Repository not found.
fatal: repository 'https://github.com/CassyGit/repo_from_cmd_line.git/' not found
PS C:\Users\Kavita Dumbre\Documents\Git Demo> git remote set-url origin https://github.com/CassyGit/repo1.git
PS C:\Users\Kavita Dumbre\Documents\Git Demo> git branch -M main     
PS C:\Users\Kavita Dumbre\Documents\Git Demo> git push -u origin main
info: please complete authentication in your browser...
Enumerating objects: 16, done.
Counting objects: 100% (16/16), done.
Delta compression using up to 4 threads
Compressing objects: 100% (13/13), done.
Writing objects: 100% (16/16), 3.70 KiB | 379.00 KiB/s, done.
Total 16 (delta 3), reused 0 (delta 0), pack-reused 0 (from 0)
remote: Resolving deltas: 100% (3/3), done.
To https://github.com/CassyGit/repo1.git
 * [new branch]      main -> main
branch 'main' set up to track 'origin/main'.
PS C:\Users\Kavita Dumbre\Documents\Git Demo>   



PS C:\Users\Kavita Dumbre\Documents\Git Demo> git commit -m "v5 "                                            
On branch main
Your branch is up to date with 'origin/main'.

Changes not staged for commit:
  (use "git add/rm <file>..." to update what will be committed)        
        deleted:    README.md
        modified:   git.log
        modified:   gitdemo.html

no changes added to commit (use "git add" and/or "git commit -a")
PS C:\Users\Kavita Dumbre\Documents\Git Demo> git status
On branch main
Your branch is up to date with 'origin/main'.

Changes not staged for commit:
  (use "git add/rm <file>..." to update what will be committed)
        modified:   git.log
        modified:   gitdemo.html

PS C:\Users\Kavita Dumbre\Documents\Git Demo> git commit -m "v5 "
On branch main
Your branch is up to date with 'origin/main'.

Changes not staged for commit:
  (use "git add/rm <file>..." to update what will be committed)
  (use "git restore <file>..." to discard changes in working directory)
        deleted:    README.md
        modified:   git.log

PS C:\Users\Kavita Dumbre\Documents\Git Demo> git add *
PS C:\Users\Kavita Dumbre\Documents\Git Demo> git commit -m "v5 "
 3 files changed, 94 insertions(+)
 delete mode 100644 README.md
PS C:\Users\Kavita Dumbre\Documents\Git Demo> git push
Enumerating objects: 7, done.
Delta compression using up to 4 threads
Compressing objects: 100% (4/4), done.
Writing objects: 100% (4/4), 1.32 KiB | 451.00 KiB/s, done.
Total 4 (delta 2), reused 0 (delta 0), pack-reused 0 (from 0)
remote: Resolving deltas: 100% (2/2), completed with 2 local objects.
To https://github.com/CassyGit/repo1.git
   3c47ce3..6785c4e  main -> main
PS C:\Users\Kavita Dumbre\Documents\Git Demo> git remote
origin
PS C:\Users\Kavita Dumbre\Documents\Git Demo> git remote -v
origin  https://github.com/CassyGit/repo1.git (fetch)
origin  https://github.com/CassyGit/repo1.git (push)
PS C:\Users\Kavita Dumbre\Documents\Git Demo> git pll
git: 'pll' is not a git command. See 'git --help'.

The most similar command is
        pull
PS C:\Users\Kavita Dumbre\Documents\Git Demo> git pull
remote: Enumerating objects: 4, done.
remote: Counting objects: 100% (4/4), done.
remote: Compressing objects: 100% (2/2), done.
remote: Total 3 (delta 1), reused 0 (delta 0), pack-reused 0 (from 0)
Unpacking objects: 100% (3/3), 950 bytes | 3.00 KiB/s, done.
From https://github.com/CassyGit/repo1
   6785c4e..bc4c4ad  main       -> origin/main
Updating 6785c4e..bc4c4ad
Fast-forward
 README.md | 1 +
 1 file changed, 1 insertion(+)
 create mode 100644 README.md
PS C:\Users\Kavita Dumbre\Documents\Git Demo> 




PS C:\Users\Kavita Dumbre\Documents\Git Demo> git status
On branch main
Your branch is up to date with 'origin/main'.

Changes not staged for commit:
  (use "git add <file>..." to update what will be committed)
  (use "git restore <file>..." to discard changes in working directory)
        modified:   git.log

no changes added to commit (use "git add" and/or "git commit -a")
PS C:\Users\Kavita Dumbre\Documents\Git Demo> git log      
commit bc4c4adbc0d67d84ae522fe4b2dd69102288985c (HEAD -> main, origin/main)
Author: CassyGit <kchourasiyaperamalserviceprotonmail@proton.me>
Date:   Fri Dec 13 16:27:28 2024 +0530

    Create README.md

commit 6785c4e2a752ad505f897b91746c877dc9017f21
Author: kc <kc@gml.com>
Date:   Fri Dec 13 16:18:58 2024 +0530

    v5

commit 3c47ce36c89892f1cec669ca30e1bf09208c3e10
Author: kc <kc@gml.com>
Date:   Wed Dec 11 15:31:45 2024 +0530

    v4 First Commit in Remote Repo

commit 97492b8172425e069468c29bbde5441e553523bf
Author: kc <kc@gml.com>
Date:   Wed Dec 11 13:10:01 2024 +0530

    v3 files

commit 360ff49ee35429a938fda7979a9a4aaaee96591e
Author: kc <kc@gml.com>
Date:   Wed Dec 11 13:06:34 2024 +0530

    v2 files

commit cdaa4dea13ca7e3942668677b65787787d6492b5
Author: kc <kc@gml.com>
Date:   Wed Dec 11 12:38:11 2024 +0530

    v1 file
(END)


PS C:\Users\Kavita Dumbre\Documents\Git Demo> git log      
commit bc4c4adbc0d67d84ae522fe4b2dd69102288985c (HEAD -> main, origin/main)
Author: CassyGit <kchourasiyaperamalserviceprotonmail@proton.me>
Date:   Fri Dec 13 16:27:28 2024 +0530

    Create README.md

commit 6785c4e2a752ad505f897b91746c877dc9017f21
Author: kc <kc@gml.com>
Date:   Fri Dec 13 16:18:58 2024 +0530

    v5

commit 3c47ce36c89892f1cec669ca30e1bf09208c3e10
Author: kc <kc@gml.com>
Date:   Wed Dec 11 15:31:45 2024 +0530

    v4 First Commit in Remote Repo


commit 97492b8172425e069468c29bbde5441e553523bf
Author: kc <kc@gml.com>
Date:   Wed Dec 11 13:10:01 2024 +0530

    v3 files

commit 360ff49ee35429a938fda7979a9a4aaaee96591e
Author: kc <kc@gml.com>
Date:   Wed Dec 11 13:06:34 2024 +0530

    v2 files

Author: kc <kc@gml.com>
Date:   Wed Dec 11 12:38:11 2024 +0530

    v1 file
~
~
~
~
~
~
~
~
~
~
~
~
~
PS C:\Users\Kavita Dumbre\Documents\Git Demo> git log
commit bc4c4adbc0d67d84ae522fe4b2dd69102288985c (HEAD -> main, origin/main)
Author: CassyGit <kchourasiyaperamalserviceprotonmail@proton.me>
Date:   Fri Dec 13 16:27:28 2024 +0530

    Create README.md

commit 6785c4e2a752ad505f897b91746c877dc9017f21
Author: kc <kc@gml.com>
Date:   Fri Dec 13 16:18:58 2024 +0530

    v5

commit 3c47ce36c89892f1cec669ca30e1bf09208c3e10
Author: kc <kc@gml.com>
Date:   Wed Dec 11 15:31:45 2024 +0530

    v4 First Commit in Remote Repo
commit 97492b8172425e069468c29bbde5441e553523bf
Author: kc <kc@gml.com>
Date:   Wed Dec 11 13:10:01 2024 +0530

    v3 files

commit 360ff49ee35429a938fda7979a9a4aaaee96591e
Author: kc <kc@gml.com>
Date:   Wed Dec 11 13:06:34 2024 +0530

    v2 files

commit cdaa4dea13ca7e3942668677b65787787d6492b5
Author: kc <kc@gml.com>
Date:   Wed Dec 11 12:38:11 2024 +0530

    v1 file
PS C:\Users\Kavita Dumbre\Documents\Git Demo> git log
Author: CassyGit <kchourasiyaperamalserviceprotonmail@proton.me>
Date:   Fri Dec 13 16:27:28 2024 +0530

    Create README.md

commit 6785c4e2a752ad505f897b91746c877dc9017f21
Author: kc <kc@gml.com>
Date:   Fri Dec 13 16:18:58 2024 +0530

    v5

commit 3c47ce36c89892f1cec669ca30e1bf09208c3e10
Date:   Wed Dec 11 15:31:45 2024 +0530

    v4 First Commit in Remote Repo

PS C:\Users\Kavita Dumbre\Documents\Git Demo> git pull  
remote: Enumerating objects: 4, done.
remote: Counting objects: 100% (4/4), done.
remote: Compressing objects: 100% (2/2), done.
remote: Total 3 (delta 1), reused 0 (delta 0), pack-reused 0 (from 0)
Unpacking objects: 100% (3/3), 966 bytes | 4.00 KiB/s, done.
From https://github.com/CassyGit/repo1
   bc4c4ad..f66b91b  main       -> origin/main
Updating bc4c4ad..f66b91b
Fast-forward
 remotelyaddfile.txt | 1 +
 1 file changed, 1 insertion(+)
 create mode 100644 remotelyaddfile.txt
PS C:\Users\Kavita Dumbre\Documents\Git Demo> git log   
commit f66b91b3acece7f1458bd28a54729b4f0de92ba4 (HEAD -> main, origin/main)
Author: CassyGit <190578041+CassyGit@users.noreply.github.com>
Date:   Fri Dec 13 16:40:32 2024 +0530

    remotely add new file named remotelyaddfile.txt

commit bc4c4adbc0d67d84ae522fe4b2dd69102288985c
Author: CassyGit <kchourasiyaperamalserviceprotonmail@proton.me>
Date:   Fri Dec 13 16:27:28 2024 +0530

    Create README.md

commit 6785c4e2a752ad505f897b91746c877dc9017f21
Author: kc <kc@gml.com>
Date:   Fri Dec 13 16:18:58 2024 +0530

    v5

commit 3c47ce36c89892f1cec669ca30e1bf09208c3e10
Author: kc <kc@gml.com>
Date:   Wed Dec 11 15:31:45 2024 +0530

    v4 First Commit in Remote Repo

commit 97492b8172425e069468c29bbde5441e553523bf
Author: kc <kc@gml.com>
Date:   Wed Dec 11 13:10:01 2024 +0530

    v3 files

commit 360ff49ee35429a938fda7979a9a4aaaee96591e
Author: kc <kc@gml.com>
Date:   Wed Dec 11 13:06:34 2024 +0530

    v2 files

commit cdaa4dea13ca7e3942668677b65787787d6492b5
Author: kc <kc@gml.com>
Date:   Wed Dec 11 12:38:11 2024 +0530

    v1 file
